[2025-11-12T21:41:59-05:00] CONTROLADOR: --- INICIO GENERAR ---
[2025-11-12T21:41:59-05:00] CONTROLADOR: Excepción en GENERAR: Class "Usuario\ProyectoCasalaiCa\Config\Config\BD" not found
[2025-11-12T21:43:56-05:00] CONTROLADOR: --- INICIO GENERAR ---
[2025-11-12T21:43:56-05:00] CONTROLADOR: Excepción en GENERAR: Class "Usuario\ProyectoCasalaiCa\Config\Config\BD" not found
[2025-11-12T21:44:02-05:00] CONTROLADOR: --- INICIO GENERAR ---
[2025-11-12T21:44:02-05:00] CONTROLADOR: Excepción en GENERAR: Class "Usuario\ProyectoCasalaiCa\Config\Config\BD" not found
[2025-11-12T21:44:06-05:00] CONTROLADOR: --- INICIO GENERAR ---
[2025-11-12T21:44:06-05:00] CONTROLADOR: Excepción en GENERAR: Class "Usuario\ProyectoCasalaiCa\Config\Config\BD" not found
[2025-11-12T21:46:17-05:00] CONTROLADOR: --- INICIO GENERAR ---
[2025-11-12T21:46:17-05:00] CONTROLADOR: Excepción en GENERAR: Class "BD" not found
[2025-11-12T21:48:00-05:00] CONTROLADOR: --- INICIO GENERAR ---
[2025-11-12T21:48:00-05:00] CONTROLADOR: Excepción en GENERAR: Class "BD" not found
[2025-11-12T21:49:51-05:00] CONTROLADOR: FATAL: Uncaught Error: Class "Usuario\ProyectoCasalaiCa\Clases\Backup" not found in C:\xampp\htdocs\Repositorio de GITHUB\proyecto-casalai-main\proyecto-casalai-ca\Modelo\Controlador\backup.php:54
Stack trace:
#0 {main}
  thrown en C:\xampp\htdocs\Repositorio de GITHUB\proyecto-casalai-main\proyecto-casalai-ca\Modelo\Controlador\backup.php:54
[2025-11-12T21:49:51-05:00] CONTROLADOR: FATAL: Uncaught Error: Class "Usuario\ProyectoCasalaiCa\Clases\Backup" not found in C:\xampp\htdocs\Repositorio de GITHUB\proyecto-casalai-main\proyecto-casalai-ca\Modelo\Controlador\backup.php:54
Stack trace:
#0 {main}
  thrown en C:\xampp\htdocs\Repositorio de GITHUB\proyecto-casalai-main\proyecto-casalai-ca\Modelo\Controlador\backup.php:54
[2025-11-12T21:50:14-05:00] CONTROLADOR: FATAL: Uncaught Error: Class "Usuario\ProyectoCasalaiCa\Clases\Backup" not found in C:\xampp\htdocs\Repositorio de GITHUB\proyecto-casalai-main\proyecto-casalai-ca\Modelo\Controlador\backup.php:54
Stack trace:
#0 {main}
  thrown en C:\xampp\htdocs\Repositorio de GITHUB\proyecto-casalai-main\proyecto-casalai-ca\Modelo\Controlador\backup.php:54
[2025-11-12T21:50:15-05:00] CONTROLADOR: FATAL: Uncaught Error: Class "Usuario\ProyectoCasalaiCa\Clases\Backup" not found in C:\xampp\htdocs\Repositorio de GITHUB\proyecto-casalai-main\proyecto-casalai-ca\Modelo\Controlador\backup.php:54
Stack trace:
#0 {main}
  thrown en C:\xampp\htdocs\Repositorio de GITHUB\proyecto-casalai-main\proyecto-casalai-ca\Modelo\Controlador\backup.php:54
[2025-11-12T21:51:36-05:00] CONTROLADOR: --- INICIO GENERAR ---
[2025-11-12T21:51:36-05:00] CONTROLADOR: Excepción en GENERAR: Class "BD" not found
