[2025-10-26T16:35:35-04:00] CONTROLADOR: --- INICIO GENERAR ---
[2025-10-26T16:35:35-04:00] MODELO: generar tipo=P, db=casalai, archivo=C:\xampp\htdocs\Repositorio de GITHUB\proyecto-casalai\proyecto-casalai-ca\proyecto-casalai-ca\Modelo/../db/backup/backup_principal_20251026_163535.sql
[2025-10-26T16:35:35-04:00] MODELO: mysqldump existe=1, is_executable=1
[2025-10-26T16:35:35-04:00] MODELO: disable_functions=
[2025-10-26T16:35:35-04:00] MODELO: comando="C:\xampp\mysql\bin\mysqldump.exe" --user="root" --password="" --host="localhost" --databases casalai --add-drop-database --add-drop-table --routines --events --triggers > "C:\xampp\htdocs\Repositorio de GITHUB\proyecto-casalai\proyecto-casalai-ca\proyecto-casalai-ca\Modelo/../db/backup/backup_principal_20251026_163535.sql" 2>&1
[2025-10-26T16:35:36-04:00] MODELO: dump final ok=1, existe=1, size=312611
[2025-10-26T16:35:36-04:00] CONTROLADOR: Acción GENERAR tipo=P, archivo=backup_principal_20251026_163535.sql, ok=1, ruta=C:\xampp\htdocs\Repositorio de GITHUB\proyecto-casalai\proyecto-casalai-ca\proyecto-casalai-ca\db\backup\backup_principal_20251026_163535.sql
[2025-10-26T16:35:52-04:00] CONTROLADOR: --- INICIO GENERAR ---
[2025-10-26T16:35:52-04:00] MODELO: generar tipo=S, db=seguridadlai, archivo=C:\xampp\htdocs\Repositorio de GITHUB\proyecto-casalai\proyecto-casalai-ca\proyecto-casalai-ca\Modelo/../db/backup/backup_seguridad_20251026_163552.sql
[2025-10-26T16:35:52-04:00] MODELO: mysqldump existe=1, is_executable=1
[2025-10-26T16:35:52-04:00] MODELO: disable_functions=
[2025-10-26T16:35:52-04:00] MODELO: comando="C:\xampp\mysql\bin\mysqldump.exe" --user="root" --password="" --host="localhost" --databases seguridadlai --add-drop-database --add-drop-table --routines --events --triggers > "C:\xampp\htdocs\Repositorio de GITHUB\proyecto-casalai\proyecto-casalai-ca\proyecto-casalai-ca\Modelo/../db/backup/backup_seguridad_20251026_163552.sql" 2>&1
[2025-10-26T16:35:53-04:00] MODELO: dump final ok=1, existe=1, size=118745
[2025-10-26T16:35:53-04:00] CONTROLADOR: Acción GENERAR tipo=S, archivo=backup_seguridad_20251026_163552.sql, ok=1, ruta=C:\xampp\htdocs\Repositorio de GITHUB\proyecto-casalai\proyecto-casalai-ca\proyecto-casalai-ca\db\backup\backup_seguridad_20251026_163552.sql
[2025-11-14T20:53:47-04:00] MODELO: generar tipo=P, db=casalai, archivo=C:\xampp\htdocs\Repositorio de GITHUB\proyecto-casalai-main\proyecto-casalai-ca\Modelo\Usuario\ProyectoCasalaiCa\Clases/../../../../Modelo/db/respaldo/backup_principal_20251114_205346.sql
[2025-11-14T20:53:47-04:00] Comando: "C:\xampp\mysql\bin\mysqldump.exe" --user=root --password= --host=localhost --databases casalai --add-drop-database --add-drop-table --routines --events --triggers --skip-add-locks > "C:\xampp\htdocs\Repositorio de GITHUB\proyecto-casalai-main\proyecto-casalai-ca\Modelo\Usuario\ProyectoCasalaiCa\Clases/../../../../Modelo/db/respaldo/backup_principal_20251114_205346.sql" 2>&1
[2025-11-14T20:53:47-04:00] Resultado: 0
[2025-11-14T20:53:47-04:00] Salida: 
[2025-11-14T20:53:56-04:00] MODELO: generar tipo=P, db=casalai, archivo=C:\xampp\htdocs\Repositorio de GITHUB\proyecto-casalai-main\proyecto-casalai-ca\Modelo\Usuario\ProyectoCasalaiCa\Clases/../../../../Modelo/db/respaldo/backup_principal_20251114_205355.sql
[2025-11-14T20:53:56-04:00] Comando: "C:\xampp\mysql\bin\mysqldump.exe" --user=root --password= --host=localhost --databases casalai --add-drop-database --add-drop-table --routines --events --triggers --skip-add-locks > "C:\xampp\htdocs\Repositorio de GITHUB\proyecto-casalai-main\proyecto-casalai-ca\Modelo\Usuario\ProyectoCasalaiCa\Clases/../../../../Modelo/db/respaldo/backup_principal_20251114_205355.sql" 2>&1
[2025-11-14T20:53:56-04:00] Resultado: 0
[2025-11-14T20:53:56-04:00] Salida: 
[2025-11-14T20:54:04-04:00] MODELO: generar tipo=P, db=casalai, archivo=C:\xampp\htdocs\Repositorio de GITHUB\proyecto-casalai-main\proyecto-casalai-ca\Modelo\Usuario\ProyectoCasalaiCa\Clases/../../../../Modelo/db/respaldo/backup_principal_20251114_205403.sql
[2025-11-14T20:54:04-04:00] Comando: "C:\xampp\mysql\bin\mysqldump.exe" --user=root --password= --host=localhost --databases casalai --add-drop-database --add-drop-table --routines --events --triggers --skip-add-locks > "C:\xampp\htdocs\Repositorio de GITHUB\proyecto-casalai-main\proyecto-casalai-ca\Modelo\Usuario\ProyectoCasalaiCa\Clases/../../../../Modelo/db/respaldo/backup_principal_20251114_205403.sql" 2>&1
[2025-11-14T20:54:04-04:00] Resultado: 0
[2025-11-14T20:54:04-04:00] Salida: 
[2025-11-14T20:58:34-04:00] Iniciando generación de respaldo
[2025-11-14T20:58:34-04:00] Tipo: Principal
[2025-11-14T20:58:34-04:00] Base de datos: casalai
[2025-11-14T20:58:34-04:00] Archivo de salida: C:\xampp\htdocs\Repositorio de GITHUB\proyecto-casalai-main\proyecto-casalai-ca\Modelo\Usuario\ProyectoCasalaiCa\Clases/../../../../Modelo/db/respaldo/backup_principal_20251114_205834.sql
[2025-11-14T20:58:34-04:00] Comando: "C:\xampp\mysql\bin\mysqldump.exe"  > "C:\xampp\htdocs\Repositorio de GITHUB\proyecto-casalai-main\proyecto-casalai-ca\Modelo\Usuario\ProyectoCasalaiCa\Clases/../../../../Modelo/db/respaldo/backup_principal_20251114_205834.sql" 2>&1
[2025-11-14T20:58:34-04:00] Código de salida: 1
[2025-11-14T20:58:34-04:00] Salida del comando:


Error al generar el respaldo. Código: 1, Archivo: existe, Tamaño: 261 bytes
Salida del comando:


[2025-11-14T21:01:36-04:00] Iniciando generación de respaldo
[2025-11-14T21:01:36-04:00] Tipo: Principal
[2025-11-14T21:01:36-04:00] Base de datos: casalai
[2025-11-14T21:01:36-04:00] Archivo de salida: C:\xampp\htdocs\Repositorio de GITHUB\proyecto-casalai-main\proyecto-casalai-ca\Modelo\Usuario\ProyectoCasalaiCa\Clases/../../../../Modelo/db/respaldo/backup_principal_20251114_210136.sql
[2025-11-14T21:01:36-04:00] Comando: "C:\xampp\mysql\bin\mysqldump.exe"  > "C:\xampp\htdocs\Repositorio de GITHUB\proyecto-casalai-main\proyecto-casalai-ca\Modelo\Usuario\ProyectoCasalaiCa\Clases/../../../../Modelo/db/respaldo/backup_principal_20251114_210136.sql" 2>&1
[2025-11-14T21:01:36-04:00] Código de salida: 1
[2025-11-14T21:01:36-04:00] Salida del comando:


Error al generar el respaldo. Código: 1, Archivo: existe, Tamaño: 261 bytes
Salida del comando:


[2025-11-14T21:02:45-04:00] Iniciando generación de respaldo
[2025-11-14T21:02:45-04:00] Tipo: Principal
[2025-11-14T21:02:45-04:00] Base de datos: casalai
[2025-11-14T21:02:45-04:00] Archivo de salida: C:\xampp\htdocs\Repositorio de GITHUB\proyecto-casalai-main\proyecto-casalai-ca\Modelo\Usuario\ProyectoCasalaiCa\Clases/../../../../Modelo/db/respaldo/backup_principal_20251114_210245.sql
[2025-11-14T21:02:45-04:00] Comando: "C:\xampp\mysql\bin\mysqldump.exe"  > "C:\xampp\htdocs\Repositorio de GITHUB\proyecto-casalai-main\proyecto-casalai-ca\Modelo\Usuario\ProyectoCasalaiCa\Clases/../../../../Modelo/db/respaldo/backup_principal_20251114_210245.sql" 2>&1
[2025-11-14T21:02:45-04:00] Código de salida: 1
[2025-11-14T21:02:45-04:00] Salida del comando:


Error al generar el respaldo. Código: 1, Archivo: existe, Tamaño: 261 bytes
Salida del comando:


[2025-11-14T21:05:17-04:00] Iniciando generación de respaldo
[2025-11-14T21:05:17-04:00] Tipo: Principal
[2025-11-14T21:05:17-04:00] Base de datos: casalai
[2025-11-14T21:05:17-04:00] Archivo de salida: C:\xampp\htdocs\Repositorio de GITHUB\proyecto-casalai-main\proyecto-casalai-ca\Modelo\Usuario\ProyectoCasalaiCa\Clases/../../../../Modelo/db/respaldo/backup_principal_20251114_210517.sql
[2025-11-14T21:05:17-04:00] Comando: "C:\xampp\mysql\bin\mysqldump.exe"  > "C:\xampp\htdocs\Repositorio de GITHUB\proyecto-casalai-main\proyecto-casalai-ca\Modelo\Usuario\ProyectoCasalaiCa\Clases/../../../../Modelo/db/respaldo/backup_principal_20251114_210517.sql" 2>&1
[2025-11-14T21:05:17-04:00] Código de salida: 1
[2025-11-14T21:05:17-04:00] Salida del comando:


Error al generar el respaldo. Código: 1, Archivo: existe, Tamaño: 261 bytes
Salida del comando:


[2025-11-14T21:06:36-04:00] Iniciando generación de respaldo
[2025-11-14T21:06:36-04:00] Tipo: Principal
[2025-11-14T21:06:36-04:00] Base de datos: casalai
[2025-11-14T21:06:36-04:00] Archivo de salida: C:\xampp\htdocs\Repositorio de GITHUB\proyecto-casalai-main\proyecto-casalai-ca\Modelo\Usuario\ProyectoCasalaiCa\Clases/../../../../Modelo/db/respaldo/backup_principal_20251114_210636.sql
[2025-11-14T21:06:36-04:00] Comando: "C:\xampp\mysql\bin\mysqldump.exe" --user=root --password= --host=localhost --databases casalai --skip-add-drop-table --skip-comments --skip-set-charset --result-file="C:\xampp\htdocs\Repositorio de GITHUB\proyecto-casalai-main\proyecto-casalai-ca\Modelo\Usuario\ProyectoCasalaiCa\Clases/../../../../Modelo/db/respaldo/backup_principal_20251114_210636.sql" 2>&1
[2025-11-14T21:06:37-04:00] Código de salida: 0
[2025-11-14T21:06:37-04:00] Salida del comando:


[2025-11-14T21:50:34-04:00] Iniciando generación de respaldo
[2025-11-14T21:50:34-04:00] Tipo: Principal
[2025-11-14T21:50:34-04:00] Base de datos: casalai
[2025-11-14T21:50:34-04:00] Archivo de salida: C:\xampp\htdocs\Repositorio de GITHUB\proyecto-casalai-main\proyecto-casalai-ca\Modelo\Usuario\ProyectoCasalaiCa\Clases/../../../../Modelo/db/respaldo/backup_principal_20251114_215034.sql
[2025-11-14T21:50:34-04:00] Comando: "C:\xampp\mysql\bin\mysqldump.exe" --user=root --password= --host=localhost --databases casalai --skip-add-drop-table --skip-comments --skip-set-charset --result-file="C:\xampp\htdocs\Repositorio de GITHUB\proyecto-casalai-main\proyecto-casalai-ca\Modelo\Usuario\ProyectoCasalaiCa\Clases/../../../../Modelo/db/respaldo/backup_principal_20251114_215034.sql" 2>&1
[2025-11-14T21:50:36-04:00] Código de salida: 0
[2025-11-14T21:50:36-04:00] Salida del comando:


[2025-11-14T21:51:59-04:00] Iniciando generación de respaldo
[2025-11-14T21:51:59-04:00] Tipo: Principal
[2025-11-14T21:51:59-04:00] Base de datos: casalai
[2025-11-14T21:51:59-04:00] Archivo de salida: C:\xampp\htdocs\Repositorio de GITHUB\proyecto-casalai-main\proyecto-casalai-ca\Modelo\Usuario\ProyectoCasalaiCa\Clases/../../../../Modelo/db/respaldo/backup_principal_20251114_215159.sql
[2025-11-14T21:51:59-04:00] Comando: "C:\xampp\mysql\bin\mysqldump.exe" --user=root --password= --host=localhost --databases casalai --skip-add-drop-table --skip-comments --skip-set-charset --result-file="C:\xampp\htdocs\Repositorio de GITHUB\proyecto-casalai-main\proyecto-casalai-ca\Modelo\Usuario\ProyectoCasalaiCa\Clases/../../../../Modelo/db/respaldo/backup_principal_20251114_215159.sql" 2>&1
[2025-11-14T21:52:00-04:00] Código de salida: 0
[2025-11-14T21:52:00-04:00] Salida del comando:


[2025-11-14T21:52:54-04:00] Iniciando generación de respaldo
[2025-11-14T21:52:54-04:00] Tipo: Principal
[2025-11-14T21:52:54-04:00] Base de datos: casalai
[2025-11-14T21:52:54-04:00] Archivo de salida: C:\xampp\htdocs\Repositorio de GITHUB\proyecto-casalai-main\proyecto-casalai-ca\Modelo\Usuario\ProyectoCasalaiCa\Clases/../../../../Modelo/db/respaldo/backup_principal_20251114_215254.sql
[2025-11-14T21:52:54-04:00] Comando: "C:\xampp\mysql\bin\mysqldump.exe" --user=root --password= --host=localhost --databases casalai --skip-add-drop-table --skip-comments --skip-set-charset --result-file="C:\xampp\htdocs\Repositorio de GITHUB\proyecto-casalai-main\proyecto-casalai-ca\Modelo\Usuario\ProyectoCasalaiCa\Clases/../../../../Modelo/db/respaldo/backup_principal_20251114_215254.sql" 2>&1
[2025-11-14T21:52:55-04:00] Código de salida: 0
[2025-11-14T21:52:55-04:00] Salida del comando:


[2025-11-14T21:58:59-04:00] Iniciando generación de respaldo
[2025-11-14T21:58:59-04:00] Tipo: Principal
[2025-11-14T21:58:59-04:00] Base de datos: casalai
[2025-11-14T21:58:59-04:00] Archivo de salida: C:\xampp\htdocs\Repositorio de GITHUB\proyecto-casalai-main\proyecto-casalai-ca\Modelo\Usuario\ProyectoCasalaiCa\Clases/../../../../Modelo/db/respaldo/backup_principal_20251114_215859.sql
[2025-11-14T21:58:59-04:00] Comando: "C:\xampp\mysql\bin\mysqldump.exe" --user=root --password= --host=localhost --databases casalai --skip-add-drop-table --skip-comments --skip-set-charset --result-file="C:\xampp\htdocs\Repositorio de GITHUB\proyecto-casalai-main\proyecto-casalai-ca\Modelo\Usuario\ProyectoCasalaiCa\Clases/../../../../Modelo/db/respaldo/backup_principal_20251114_215859.sql" 2>&1
[2025-11-14T21:58:59-04:00] Código de salida: 0
[2025-11-14T21:58:59-04:00] Salida del comando:


[2025-11-14T22:02:32-04:00] Iniciando generación de respaldo
[2025-11-14T22:02:32-04:00] Tipo: Principal
[2025-11-14T22:02:32-04:00] Base de datos: casalai
[2025-11-14T22:02:32-04:00] Archivo de salida: C:\xampp\htdocs\Repositorio de GITHUB\proyecto-casalai-main\proyecto-casalai-ca\Modelo\Usuario\ProyectoCasalaiCa\Clases/../../../../Modelo/db/respaldo/backup_principal_20251114_220232.sql
[2025-11-14T22:02:32-04:00] Comando: "C:\xampp\mysql\bin\mysqldump.exe" --user=root --password= --host=localhost --databases casalai --skip-add-drop-table --skip-comments --skip-set-charset --result-file="C:\xampp\htdocs\Repositorio de GITHUB\proyecto-casalai-main\proyecto-casalai-ca\Modelo\Usuario\ProyectoCasalaiCa\Clases/../../../../Modelo/db/respaldo/backup_principal_20251114_220232.sql" 2>&1
[2025-11-14T22:02:33-04:00] Código de salida: 0
[2025-11-14T22:02:33-04:00] Salida del comando:


[2025-11-14T22:04:04-04:00] Iniciando generación de respaldo
[2025-11-14T22:04:04-04:00] Tipo: Principal
[2025-11-14T22:04:04-04:00] Base de datos: casalai
[2025-11-14T22:04:04-04:00] Archivo de salida: C:\xampp\htdocs\Repositorio de GITHUB\proyecto-casalai-main\proyecto-casalai-ca\Modelo\Usuario\ProyectoCasalaiCa\Clases/../../../../Modelo/db/respaldo/backup_principal_20251114_220404.sql
[2025-11-14T22:04:04-04:00] Comando: "C:\xampp\mysql\bin\mysqldump.exe" --user=root --password= --host=localhost --databases casalai --skip-add-drop-table --skip-comments --skip-set-charset --result-file="C:\xampp\htdocs\Repositorio de GITHUB\proyecto-casalai-main\proyecto-casalai-ca\Modelo\Usuario\ProyectoCasalaiCa\Clases/../../../../Modelo/db/respaldo/backup_principal_20251114_220404.sql" 2>&1
[2025-11-14T22:04:05-04:00] Código de salida: 0
[2025-11-14T22:04:05-04:00] Salida del comando:


[2025-11-14T22:04:07-04:00] Iniciando generación de respaldo
[2025-11-14T22:04:07-04:00] Tipo: Principal
[2025-11-14T22:04:07-04:00] Base de datos: casalai
[2025-11-14T22:04:07-04:00] Archivo de salida: C:\xampp\htdocs\Repositorio de GITHUB\proyecto-casalai-main\proyecto-casalai-ca\Modelo\Usuario\ProyectoCasalaiCa\Clases/../../../../Modelo/db/respaldo/backup_principal_20251114_220407.sql
[2025-11-14T22:04:07-04:00] Comando: "C:\xampp\mysql\bin\mysqldump.exe" --user=root --password= --host=localhost --databases casalai --skip-add-drop-table --skip-comments --skip-set-charset --result-file="C:\xampp\htdocs\Repositorio de GITHUB\proyecto-casalai-main\proyecto-casalai-ca\Modelo\Usuario\ProyectoCasalaiCa\Clases/../../../../Modelo/db/respaldo/backup_principal_20251114_220407.sql" 2>&1
[2025-11-14T22:04:08-04:00] Código de salida: 0
[2025-11-14T22:04:08-04:00] Salida del comando:


[2025-11-14T22:04:17-04:00] Iniciando generación de respaldo
[2025-11-14T22:04:17-04:00] Tipo: Principal
[2025-11-14T22:04:17-04:00] Base de datos: casalai
[2025-11-14T22:04:17-04:00] Archivo de salida: C:\xampp\htdocs\Repositorio de GITHUB\proyecto-casalai-main\proyecto-casalai-ca\Modelo\Usuario\ProyectoCasalaiCa\Clases/../../../../Modelo/db/respaldo/backup_principal_20251114_220417.sql
[2025-11-14T22:04:17-04:00] Comando: "C:\xampp\mysql\bin\mysqldump.exe" --user=root --password= --host=localhost --databases casalai --skip-add-drop-table --skip-comments --skip-set-charset --result-file="C:\xampp\htdocs\Repositorio de GITHUB\proyecto-casalai-main\proyecto-casalai-ca\Modelo\Usuario\ProyectoCasalaiCa\Clases/../../../../Modelo/db/respaldo/backup_principal_20251114_220417.sql" 2>&1
[2025-11-14T22:04:18-04:00] Código de salida: 0
[2025-11-14T22:04:18-04:00] Salida del comando:


[2025-11-14T22:04:21-04:00] Iniciando generación de respaldo
[2025-11-14T22:04:21-04:00] Tipo: Principal
[2025-11-14T22:04:21-04:00] Base de datos: casalai
[2025-11-14T22:04:21-04:00] Archivo de salida: C:\xampp\htdocs\Repositorio de GITHUB\proyecto-casalai-main\proyecto-casalai-ca\Modelo\Usuario\ProyectoCasalaiCa\Clases/../../../../Modelo/db/respaldo/backup_principal_20251114_220421.sql
[2025-11-14T22:04:21-04:00] Comando: "C:\xampp\mysql\bin\mysqldump.exe" --user=root --password= --host=localhost --databases casalai --skip-add-drop-table --skip-comments --skip-set-charset --result-file="C:\xampp\htdocs\Repositorio de GITHUB\proyecto-casalai-main\proyecto-casalai-ca\Modelo\Usuario\ProyectoCasalaiCa\Clases/../../../../Modelo/db/respaldo/backup_principal_20251114_220421.sql" 2>&1
[2025-11-14T22:04:23-04:00] Código de salida: 0
[2025-11-14T22:04:23-04:00] Salida del comando:


[2025-11-14T22:06:35-04:00] Iniciando generación de respaldo
[2025-11-14T22:06:35-04:00] Tipo: Principal
[2025-11-14T22:06:35-04:00] Base de datos: casalai
[2025-11-14T22:06:35-04:00] Archivo de salida: C:\xampp\htdocs\Repositorio de GITHUB\proyecto-casalai-main\proyecto-casalai-ca\Modelo\Usuario\ProyectoCasalaiCa\Clases/../../../../Modelo/db/respaldo/backup_principal_20251114_220635.sql
[2025-11-14T22:06:35-04:00] Comando: "C:\xampp\mysql\bin\mysqldump.exe" --user=root --password= --host=localhost --databases casalai --skip-add-drop-table --skip-comments --skip-set-charset --result-file="C:\xampp\htdocs\Repositorio de GITHUB\proyecto-casalai-main\proyecto-casalai-ca\Modelo\Usuario\ProyectoCasalaiCa\Clases/../../../../Modelo/db/respaldo/backup_principal_20251114_220635.sql" 2>&1
[2025-11-14T22:06:36-04:00] Código de salida: 0
[2025-11-14T22:06:36-04:00] Salida del comando:


[2025-11-14T22:10:07-04:00] Iniciando generación de respaldo
[2025-11-14T22:10:07-04:00] Tipo: Principal
[2025-11-14T22:10:07-04:00] Base de datos: casalai
[2025-11-14T22:10:07-04:00] Archivo de salida: C:\xampp\htdocs\Repositorio de GITHUB\proyecto-casalai-main\proyecto-casalai-ca\Modelo\Usuario\ProyectoCasalaiCa\Clases/../../../../Modelo/db/respaldo/backup_principal_20251114_221007.sql
[2025-11-14T22:10:07-04:00] Comando: "C:\xampp\mysql\bin\mysqldump.exe" --user=root --password= --host=localhost --databases casalai --skip-add-drop-table --skip-comments --skip-set-charset --result-file="C:\xampp\htdocs\Repositorio de GITHUB\proyecto-casalai-main\proyecto-casalai-ca\Modelo\Usuario\ProyectoCasalaiCa\Clases/../../../../Modelo/db/respaldo/backup_principal_20251114_221007.sql" 2>&1
[2025-11-14T22:10:08-04:00] Código de salida: 0
[2025-11-14T22:10:08-04:00] Salida del comando:


[2025-11-14T22:11:16-04:00] Iniciando generación de respaldo
[2025-11-14T22:11:16-04:00] Tipo: Principal
[2025-11-14T22:11:16-04:00] Base de datos: casalai
[2025-11-14T22:11:16-04:00] Archivo de salida: C:\xampp\htdocs\Repositorio de GITHUB\proyecto-casalai-main\proyecto-casalai-ca\Modelo\Usuario\ProyectoCasalaiCa\Clases/../../../../Modelo/db/respaldo/backup_principal_20251114_221116.sql
[2025-11-14T22:11:16-04:00] Comando: "C:\xampp\mysql\bin\mysqldump.exe" --user=root --password= --host=localhost --databases casalai --skip-add-drop-table --skip-comments --skip-set-charset --result-file="C:\xampp\htdocs\Repositorio de GITHUB\proyecto-casalai-main\proyecto-casalai-ca\Modelo\Usuario\ProyectoCasalaiCa\Clases/../../../../Modelo/db/respaldo/backup_principal_20251114_221116.sql" 2>&1
[2025-11-14T22:11:17-04:00] Código de salida: 0
[2025-11-14T22:11:17-04:00] Salida del comando:


[2025-11-14T22:12:15-04:00] Iniciando generación de respaldo
[2025-11-14T22:12:15-04:00] Tipo: Principal
[2025-11-14T22:12:15-04:00] Base de datos: casalai
[2025-11-14T22:12:15-04:00] Archivo de salida: C:\xampp\htdocs\Repositorio de GITHUB\proyecto-casalai-main\proyecto-casalai-ca\Modelo\Usuario\ProyectoCasalaiCa\Clases/../../../../Modelo/db/respaldo/backup_principal_20251114_221215.sql
[2025-11-14T22:12:15-04:00] Comando: "C:\xampp\mysql\bin\mysqldump.exe" --user=root --password= --host=localhost --databases casalai --skip-add-drop-table --skip-comments --skip-set-charset --result-file="C:\xampp\htdocs\Repositorio de GITHUB\proyecto-casalai-main\proyecto-casalai-ca\Modelo\Usuario\ProyectoCasalaiCa\Clases/../../../../Modelo/db/respaldo/backup_principal_20251114_221215.sql" 2>&1
[2025-11-14T22:12:16-04:00] Código de salida: 0
[2025-11-14T22:12:16-04:00] Salida del comando:


[2025-11-14T22:21:51-04:00] Iniciando generación de respaldo
[2025-11-14T22:21:51-04:00] Tipo: Principal
[2025-11-14T22:21:51-04:00] Base de datos: casalai
[2025-11-14T22:21:51-04:00] Archivo de salida: C:\xampp\htdocs\Repositorio de GITHUB\proyecto-casalai-main\proyecto-casalai-ca\Modelo\Usuario\ProyectoCasalaiCa\Clases/../../../../Modelo/db/respaldo/backup_principal_20251114_222151.sql
[2025-11-14T22:21:51-04:00] Comando: "C:\xampp\mysql\bin\mysqldump.exe" --user=root --password= --host=localhost --databases casalai --skip-add-drop-table --skip-comments --skip-set-charset --result-file="C:\xampp\htdocs\Repositorio de GITHUB\proyecto-casalai-main\proyecto-casalai-ca\Modelo\Usuario\ProyectoCasalaiCa\Clases/../../../../Modelo/db/respaldo/backup_principal_20251114_222151.sql" 2>&1
[2025-11-14T22:21:52-04:00] Código de salida: 0
[2025-11-14T22:21:52-04:00] Salida del comando:


[2025-11-14T22:23:20-04:00] Iniciando generación de respaldo
[2025-11-14T22:23:20-04:00] Tipo: Principal
[2025-11-14T22:23:20-04:00] Base de datos: casalai
[2025-11-14T22:23:20-04:00] Archivo de salida: C:\xampp\htdocs\Repositorio de GITHUB\proyecto-casalai-main\proyecto-casalai-ca\Modelo\Usuario\ProyectoCasalaiCa\Clases/../../../../Modelo/db/respaldo/backup_principal_20251114_222320.sql
[2025-11-14T22:23:20-04:00] Comando: "C:\xampp\mysql\bin\mysqldump.exe" --user=root --password= --host=localhost --databases casalai --skip-add-drop-table --skip-comments --skip-set-charset --result-file="C:\xampp\htdocs\Repositorio de GITHUB\proyecto-casalai-main\proyecto-casalai-ca\Modelo\Usuario\ProyectoCasalaiCa\Clases/../../../../Modelo/db/respaldo/backup_principal_20251114_222320.sql" 2>&1
[2025-11-14T22:23:20-04:00] Código de salida: 0
[2025-11-14T22:23:20-04:00] Salida del comando:


[2025-11-14T22:26:35-04:00] Iniciando generación de respaldo
[2025-11-14T22:26:35-04:00] Tipo: Principal
[2025-11-14T22:26:35-04:00] Base de datos: casalai
[2025-11-14T22:26:35-04:00] Archivo de salida: C:\xampp\htdocs\Repositorio de GITHUB\proyecto-casalai-main\proyecto-casalai-ca\Modelo\Usuario\ProyectoCasalaiCa\Clases/../../../../Modelo/db/respaldo/backup_principal_20251114_222635.sql
[2025-11-14T22:26:35-04:00] Comando: "C:\xampp\mysql\bin\mysqldump.exe" --user=root --password= --host=localhost --databases casalai --skip-add-drop-table --skip-comments --skip-set-charset --result-file="C:\xampp\htdocs\Repositorio de GITHUB\proyecto-casalai-main\proyecto-casalai-ca\Modelo\Usuario\ProyectoCasalaiCa\Clases/../../../../Modelo/db/respaldo/backup_principal_20251114_222635.sql" 2>&1
[2025-11-14T22:26:36-04:00] Código de salida: 0
[2025-11-14T22:26:36-04:00] Salida del comando:


[2025-11-14T22:27:44-04:00] Iniciando generación de respaldo
[2025-11-14T22:27:44-04:00] Tipo: Principal
[2025-11-14T22:27:44-04:00] Base de datos: casalai
[2025-11-14T22:27:44-04:00] Archivo de salida: C:\xampp\htdocs\Repositorio de GITHUB\proyecto-casalai-main\proyecto-casalai-ca\Modelo\Usuario\ProyectoCasalaiCa\Clases/../../../../Modelo/db/respaldo/backup_principal_20251114_222744.sql
[2025-11-14T22:27:44-04:00] Comando: "C:\xampp\mysql\bin\mysqldump.exe" --user=root --password= --host=localhost --databases casalai --skip-add-drop-table --skip-comments --skip-set-charset --result-file="C:\xampp\htdocs\Repositorio de GITHUB\proyecto-casalai-main\proyecto-casalai-ca\Modelo\Usuario\ProyectoCasalaiCa\Clases/../../../../Modelo/db/respaldo/backup_principal_20251114_222744.sql" 2>&1
[2025-11-14T22:27:45-04:00] Código de salida: 0
[2025-11-14T22:27:45-04:00] Salida del comando:


[2025-11-14T22:30:20-04:00] Iniciando generación de respaldo
[2025-11-14T22:30:20-04:00] Tipo: Principal
[2025-11-14T22:30:20-04:00] Base de datos: casalai
[2025-11-14T22:30:20-04:00] Archivo de salida: C:\xampp\htdocs\Repositorio de GITHUB\proyecto-casalai-main\proyecto-casalai-ca\Modelo\Usuario\ProyectoCasalaiCa\Clases/../../../../Modelo/db/respaldo/backup_principal_20251114_223020.sql
[2025-11-14T22:30:20-04:00] Comando: "C:\xampp\mysql\bin\mysqldump.exe" --user=root --password= --host=localhost --databases casalai --skip-add-drop-table --skip-comments --skip-set-charset --result-file="C:\xampp\htdocs\Repositorio de GITHUB\proyecto-casalai-main\proyecto-casalai-ca\Modelo\Usuario\ProyectoCasalaiCa\Clases/../../../../Modelo/db/respaldo/backup_principal_20251114_223020.sql" 2>&1
[2025-11-14T22:30:21-04:00] Código de salida: 0
[2025-11-14T22:30:21-04:00] Salida del comando:


[2025-11-14T22:31:10-04:00] Iniciando generación de respaldo
[2025-11-14T22:31:10-04:00] Tipo: Principal
[2025-11-14T22:31:10-04:00] Base de datos: casalai
[2025-11-14T22:31:10-04:00] Archivo de salida: C:\xampp\htdocs\Repositorio de GITHUB\proyecto-casalai-main\proyecto-casalai-ca\Modelo\Usuario\ProyectoCasalaiCa\Clases/../../../../Modelo/db/respaldo/backup_principal_20251114_223110.sql
[2025-11-14T22:31:10-04:00] Comando: "C:\xampp\mysql\bin\mysqldump.exe" --user=root --password= --host=localhost --databases casalai --skip-add-drop-table --skip-comments --skip-set-charset --result-file="C:\xampp\htdocs\Repositorio de GITHUB\proyecto-casalai-main\proyecto-casalai-ca\Modelo\Usuario\ProyectoCasalaiCa\Clases/../../../../Modelo/db/respaldo/backup_principal_20251114_223110.sql" 2>&1
[2025-11-14T22:31:11-04:00] Código de salida: 0
[2025-11-14T22:31:11-04:00] Salida del comando:


[2025-11-14T22:33:19-04:00] Iniciando generación de respaldo
[2025-11-14T22:33:19-04:00] Tipo: Principal
[2025-11-14T22:33:19-04:00] Base de datos: casalai
[2025-11-14T22:33:19-04:00] Archivo de salida: C:\xampp\htdocs\Repositorio de GITHUB\proyecto-casalai-main\proyecto-casalai-ca\Modelo\Usuario\ProyectoCasalaiCa\Clases/../../../../Modelo/db/respaldo/backup_principal_20251114_223319.sql
[2025-11-14T22:33:19-04:00] Comando: "C:\xampp\mysql\bin\mysqldump.exe" --user=root --password= --host=localhost --databases casalai --skip-add-drop-table --skip-comments --skip-set-charset --result-file="C:\xampp\htdocs\Repositorio de GITHUB\proyecto-casalai-main\proyecto-casalai-ca\Modelo\Usuario\ProyectoCasalaiCa\Clases/../../../../Modelo/db/respaldo/backup_principal_20251114_223319.sql" 2>&1
[2025-11-14T22:33:21-04:00] Código de salida: 0
[2025-11-14T22:33:21-04:00] Respaldo generado exitosamente. Tamaño: 53610 bytes
[2025-11-14T22:33:46-04:00] Iniciando generación de respaldo
[2025-11-14T22:33:46-04:00] Tipo: Principal
[2025-11-14T22:33:46-04:00] Base de datos: casalai
[2025-11-14T22:33:46-04:00] Archivo de salida: C:\xampp\htdocs\Repositorio de GITHUB\proyecto-casalai-main\proyecto-casalai-ca\Modelo\Usuario\ProyectoCasalaiCa\Clases/../../../../Modelo/db/respaldo/backup_principal_20251114_223346.sql
[2025-11-14T22:33:46-04:00] Comando: "C:\xampp\mysql\bin\mysqldump.exe" --user=root --password= --host=localhost --databases casalai --skip-add-drop-table --skip-comments --skip-set-charset --result-file="C:\xampp\htdocs\Repositorio de GITHUB\proyecto-casalai-main\proyecto-casalai-ca\Modelo\Usuario\ProyectoCasalaiCa\Clases/../../../../Modelo/db/respaldo/backup_principal_20251114_223346.sql" 2>&1
[2025-11-14T22:33:47-04:00] Código de salida: 0
[2025-11-14T22:33:47-04:00] Respaldo generado exitosamente. Tamaño: 53610 bytes
[2025-11-14T22:36:27-04:00] Iniciando generación de respaldo
[2025-11-14T22:36:27-04:00] Tipo: Principal
[2025-11-14T22:36:27-04:00] Base de datos: casalai
[2025-11-14T22:36:27-04:00] Archivo de salida: C:\xampp\htdocs\Repositorio de GITHUB\proyecto-casalai-main\proyecto-casalai-ca\Modelo\Usuario\ProyectoCasalaiCa\Clases/../../../../Modelo/db/respaldo/backup_principal_20251114_223627.sql
[2025-11-14T22:36:27-04:00] Comando: "C:\xampp\mysql\bin\mysqldump.exe" --user=root --password= --host=localhost --databases casalai --skip-add-drop-table --skip-comments --skip-set-charset --result-file="C:\xampp\htdocs\Repositorio de GITHUB\proyecto-casalai-main\proyecto-casalai-ca\Modelo\Usuario\ProyectoCasalaiCa\Clases/../../../../Modelo/db/respaldo/backup_principal_20251114_223627.sql" 2>&1
[2025-11-14T22:36:28-04:00] Código de salida: 0
[2025-11-14T22:36:28-04:00] Respaldo generado exitosamente. Tamaño: 53610 bytes
[2025-11-14T22:37:53-04:00] Iniciando generación de respaldo
[2025-11-14T22:37:53-04:00] Tipo: Principal
[2025-11-14T22:37:53-04:00] Base de datos: casalai
[2025-11-14T22:37:53-04:00] Archivo de salida: C:\xampp\htdocs\Repositorio de GITHUB\proyecto-casalai-main\proyecto-casalai-ca\Modelo\Usuario\ProyectoCasalaiCa\Clases/../../../../Modelo/db/respaldo/backup_principal_20251114_223753.sql
[2025-11-14T22:37:53-04:00] Comando: "C:\xampp\mysql\bin\mysqldump.exe" --user=root --password= --host=localhost --databases casalai --skip-add-drop-table --skip-comments --skip-set-charset --result-file="C:\xampp\htdocs\Repositorio de GITHUB\proyecto-casalai-main\proyecto-casalai-ca\Modelo\Usuario\ProyectoCasalaiCa\Clases/../../../../Modelo/db/respaldo/backup_principal_20251114_223753.sql" 2>&1
[2025-11-14T22:37:54-04:00] Código de salida: 0
[2025-11-14T22:37:54-04:00] Respaldo generado exitosamente. Tamaño: 53610 bytes
[2025-11-14T22:38:45-04:00] Iniciando generación de respaldo
[2025-11-14T22:38:45-04:00] Tipo: Principal
[2025-11-14T22:38:45-04:00] Base de datos: casalai
[2025-11-14T22:38:45-04:00] Archivo de salida: C:\xampp\htdocs\Repositorio de GITHUB\proyecto-casalai-main\proyecto-casalai-ca\Modelo\Usuario\ProyectoCasalaiCa\Clases/../../../../Modelo/db/respaldo/backup_principal_20251114_223845.sql
[2025-11-14T22:38:45-04:00] Comando: "C:\xampp\mysql\bin\mysqldump.exe" --user=root --password= --host=localhost --databases casalai --skip-add-drop-table --skip-comments --skip-set-charset --result-file="C:\xampp\htdocs\Repositorio de GITHUB\proyecto-casalai-main\proyecto-casalai-ca\Modelo\Usuario\ProyectoCasalaiCa\Clases/../../../../Modelo/db/respaldo/backup_principal_20251114_223845.sql" 2>&1
[2025-11-14T22:38:46-04:00] Código de salida: 0
[2025-11-14T22:38:46-04:00] Respaldo generado exitosamente. Tamaño: 53610 bytes
{
    "fecha": "2025-11-14 22:49:29",
    "tipo": "Principal",
    "base_datos": "casalai",
    "archivo_salida": "C:\\xampp\\htdocs\\Repositorio de GITHUB\\proyecto-casalai-main\\proyecto-casalai-ca\\Modelo\\Usuario\\ProyectoCasalaiCa\\Clases\/..\/..\/..\/..\/Modelo\/db\/respaldo\/backup_principal_20251114_224929.sql",
    "comando": "\"C:\\xampp\\mysql\\bin\\mysqldump.exe\" --user=root --password= --host=localhost --databases casalai --skip-add-drop-table --skip-comments --skip-set-charset --result-file=\"C:\\xampp\\htdocs\\Repositorio de GITHUB\\proyecto-casalai-main\\proyecto-casalai-ca\\Modelo\\Usuario\\ProyectoCasalaiCa\\Clases\/..\/..\/..\/..\/Modelo\/db\/respaldo\/backup_principal_20251114_224929.sql\" 2>&1",
    "salida": [],
    "codigo_salida": 0,
    "estado": "\u00e9xito",
    "tamano_archivo": 53610
}

{
    "fecha": "2025-11-14 22:51:16",
    "tipo": "Principal",
    "base_datos": "casalai",
    "archivo_salida": "C:\\xampp\\htdocs\\Repositorio de GITHUB\\proyecto-casalai-main\\proyecto-casalai-ca\\Modelo\\Usuario\\ProyectoCasalaiCa\\Clases\/..\/..\/..\/..\/Modelo\/db\/respaldo\/backup_principal_20251114_225116.sql",
    "comando": "\"C:\\xampp\\mysql\\bin\\mysqldump.exe\" --user=root --password= --host=localhost --databases casalai --skip-add-drop-table --skip-comments --skip-set-charset --result-file=\"C:\\xampp\\htdocs\\Repositorio de GITHUB\\proyecto-casalai-main\\proyecto-casalai-ca\\Modelo\\Usuario\\ProyectoCasalaiCa\\Clases\/..\/..\/..\/..\/Modelo\/db\/respaldo\/backup_principal_20251114_225116.sql\" 2>&1",
    "salida": [],
    "codigo_salida": 0,
    "estado": "\u00e9xito",
    "tamano_archivo": 53610
}

{
    "fecha": "2025-11-14 22:51:56",
    "tipo": "Principal",
    "base_datos": "casalai",
    "archivo_salida": "C:\\xampp\\htdocs\\Repositorio de GITHUB\\proyecto-casalai-main\\proyecto-casalai-ca\\Modelo\\Usuario\\ProyectoCasalaiCa\\Clases\/..\/..\/..\/..\/Modelo\/db\/respaldo\/backup_principal_20251114_225156.sql",
    "comando": "\"C:\\xampp\\mysql\\bin\\mysqldump.exe\" --user=root --password= --host=localhost --databases casalai --skip-add-drop-table --skip-comments --skip-set-charset --result-file=\"C:\\xampp\\htdocs\\Repositorio de GITHUB\\proyecto-casalai-main\\proyecto-casalai-ca\\Modelo\\Usuario\\ProyectoCasalaiCa\\Clases\/..\/..\/..\/..\/Modelo\/db\/respaldo\/backup_principal_20251114_225156.sql\" 2>&1",
    "salida": [],
    "codigo_salida": 0,
    "estado": "\u00e9xito",
    "tamano_archivo": 53610
}

{
    "fecha": "2025-11-14 22:53:38",
    "tipo": "Principal",
    "base_datos": "casalai",
    "archivo_salida": "C:\\xampp\\htdocs\\Repositorio de GITHUB\\proyecto-casalai-main\\proyecto-casalai-ca\\Modelo\\Usuario\\ProyectoCasalaiCa\\Clases\/..\/..\/..\/..\/Modelo\/db\/respaldo\/backup_principal_20251114_225338.sql",
    "comando": "\"C:\\xampp\\mysql\\bin\\mysqldump.exe\" --user=root --password= --host=localhost --databases casalai --skip-add-drop-table --skip-comments --skip-set-charset --result-file=\"C:\\xampp\\htdocs\\Repositorio de GITHUB\\proyecto-casalai-main\\proyecto-casalai-ca\\Modelo\\Usuario\\ProyectoCasalaiCa\\Clases\/..\/..\/..\/..\/Modelo\/db\/respaldo\/backup_principal_20251114_225338.sql\" 2>&1",
    "salida": [],
    "codigo_salida": 0,
    "estado": "\u00e9xito",
    "tamano_archivo": 53610
}

{
    "fecha": "2025-11-14 22:55:10",
    "tipo": "Principal",
    "base_datos": "casalai",
    "archivo_salida": "C:\\xampp\\htdocs\\Repositorio de GITHUB\\proyecto-casalai-main\\proyecto-casalai-ca\\Modelo\\Usuario\\ProyectoCasalaiCa\\Clases\/..\/..\/..\/..\/Modelo\/db\/respaldo\/backup_principal_20251114_225510.sql",
    "comando": "\"C:\\xampp\\mysql\\bin\\mysqldump.exe\" --user=root --password= --host=localhost --databases casalai --skip-add-drop-table --skip-comments --skip-set-charset --result-file=\"C:\\xampp\\htdocs\\Repositorio de GITHUB\\proyecto-casalai-main\\proyecto-casalai-ca\\Modelo\\Usuario\\ProyectoCasalaiCa\\Clases\/..\/..\/..\/..\/Modelo\/db\/respaldo\/backup_principal_20251114_225510.sql\" 2>&1",
    "salida": [],
    "codigo_salida": 0,
    "estado": "\u00e9xito",
    "tamano_archivo": 53610
}

{
    "fecha": "2025-11-14 22:56:37",
    "tipo": "Principal",
    "base_datos": "casalai",
    "archivo_salida": "C:\\xampp\\htdocs\\Repositorio de GITHUB\\proyecto-casalai-main\\proyecto-casalai-ca\\Modelo\\Usuario\\ProyectoCasalaiCa\\Clases\/..\/..\/..\/..\/Modelo\/db\/respaldo\/backup_principal_20251114_225637.sql",
    "comando": "\"C:\\xampp\\mysql\\bin\\mysqldump.exe\" --user=root --password= --host=localhost --databases casalai --skip-add-drop-table --skip-comments --skip-set-charset --result-file=\"C:\\xampp\\htdocs\\Repositorio de GITHUB\\proyecto-casalai-main\\proyecto-casalai-ca\\Modelo\\Usuario\\ProyectoCasalaiCa\\Clases\/..\/..\/..\/..\/Modelo\/db\/respaldo\/backup_principal_20251114_225637.sql\" 2>&1",
    "salida": [],
    "codigo_salida": 0,
    "estado": "\u00e9xito",
    "tamano_archivo": 53610
}

{
    "fecha": "2025-11-14 22:57:49",
    "tipo": "Principal",
    "base_datos": "casalai",
    "archivo_salida": "C:\\xampp\\htdocs\\Repositorio de GITHUB\\proyecto-casalai-main\\proyecto-casalai-ca\\Modelo\\Usuario\\ProyectoCasalaiCa\\Clases\/..\/..\/..\/..\/Modelo\/db\/respaldo\/backup_principal_20251114_225749.sql",
    "comando": "\"C:\\xampp\\mysql\\bin\\mysqldump.exe\" --user=root --password= --host=localhost --databases casalai --skip-add-drop-table --skip-comments --skip-set-charset --result-file=\"C:\\xampp\\htdocs\\Repositorio de GITHUB\\proyecto-casalai-main\\proyecto-casalai-ca\\Modelo\\Usuario\\ProyectoCasalaiCa\\Clases\/..\/..\/..\/..\/Modelo\/db\/respaldo\/backup_principal_20251114_225749.sql\" 2>&1",
    "salida": [],
    "codigo_salida": 0,
    "estado": "\u00e9xito",
    "tamano_archivo": 53610
}

{
    "fecha": "2025-11-14 22:58:59",
    "tipo": "Principal",
    "base_datos": "casalai",
    "archivo_salida": "C:\\xampp\\htdocs\\Repositorio de GITHUB\\proyecto-casalai-main\\proyecto-casalai-ca\\Modelo\\Usuario\\ProyectoCasalaiCa\\Clases\/..\/..\/..\/..\/Modelo\/db\/respaldo\/backup_principal_20251114_225859.sql",
    "comando": "\"C:\\xampp\\mysql\\bin\\mysqldump.exe\" --user=root --password= --host=localhost --databases casalai --skip-add-drop-table --skip-comments --skip-set-charset --result-file=\"C:\\xampp\\htdocs\\Repositorio de GITHUB\\proyecto-casalai-main\\proyecto-casalai-ca\\Modelo\\Usuario\\ProyectoCasalaiCa\\Clases\/..\/..\/..\/..\/Modelo\/db\/respaldo\/backup_principal_20251114_225859.sql\" 2>&1",
    "salida": [],
    "codigo_salida": 0,
    "estado": "\u00e9xito",
    "tamano_archivo": 53610
}

{
    "fecha": "2025-11-14 22:59:03",
    "tipo": "Seguridad",
    "base_datos": "seguridadlai",
    "archivo_salida": "C:\\xampp\\htdocs\\Repositorio de GITHUB\\proyecto-casalai-main\\proyecto-casalai-ca\\Modelo\\Usuario\\ProyectoCasalaiCa\\Clases\/..\/..\/..\/..\/Modelo\/db\/respaldo\/backup_seguridad_20251114_225903.sql",
    "comando": "\"C:\\xampp\\mysql\\bin\\mysqldump.exe\" --user=root --password= --host=localhost --databases seguridadlai --skip-add-drop-table --skip-comments --skip-set-charset --result-file=\"C:\\xampp\\htdocs\\Repositorio de GITHUB\\proyecto-casalai-main\\proyecto-casalai-ca\\Modelo\\Usuario\\ProyectoCasalaiCa\\Clases\/..\/..\/..\/..\/Modelo\/db\/respaldo\/backup_seguridad_20251114_225903.sql\" 2>&1",
    "salida": [],
    "codigo_salida": 0,
    "estado": "\u00e9xito",
    "tamano_archivo": 227994
}

{
    "fecha": "2025-11-15 17:51:30",
    "tipo": "Principal",
    "base_datos": "casalai",
    "archivo_salida": "C:\\xampp\\htdocs\\Repositorio de GITHUB\\proyecto-casalai-main\\proyecto-casalai-ca\\Modelo\\Usuario\\ProyectoCasalaiCa\\Clases\/..\/..\/..\/..\/Modelo\/db\/respaldo\/backup_principal_20251115_175130.sql",
    "comando": "\"C:\\xampp\\mysql\\bin\\mysqldump.exe\" --user=root --password= --host=localhost --databases casalai --skip-add-drop-table --skip-comments --skip-set-charset --result-file=\"C:\\xampp\\htdocs\\Repositorio de GITHUB\\proyecto-casalai-main\\proyecto-casalai-ca\\Modelo\\Usuario\\ProyectoCasalaiCa\\Clases\/..\/..\/..\/..\/Modelo\/db\/respaldo\/backup_principal_20251115_175130.sql\" 2>&1",
    "salida": [],
    "codigo_salida": 0,
    "estado": "\u00e9xito",
    "tamano_archivo": 53610
}

{
    "fecha": "2025-11-15 17:51:58",
    "tipo": "Principal",
    "base_datos": "casalai",
    "archivo_salida": "C:\\xampp\\htdocs\\Repositorio de GITHUB\\proyecto-casalai-main\\proyecto-casalai-ca\\Modelo\\Usuario\\ProyectoCasalaiCa\\Clases\/..\/..\/..\/..\/Modelo\/db\/respaldo\/backup_principal_20251115_175158.sql",
    "comando": "\"C:\\xampp\\mysql\\bin\\mysqldump.exe\" --user=root --password= --host=localhost --databases casalai --skip-add-drop-table --skip-comments --skip-set-charset --result-file=\"C:\\xampp\\htdocs\\Repositorio de GITHUB\\proyecto-casalai-main\\proyecto-casalai-ca\\Modelo\\Usuario\\ProyectoCasalaiCa\\Clases\/..\/..\/..\/..\/Modelo\/db\/respaldo\/backup_principal_20251115_175158.sql\" 2>&1",
    "salida": [],
    "codigo_salida": 0,
    "estado": "\u00e9xito",
    "tamano_archivo": 53610
}

{
    "fecha": "2025-11-15 17:52:21",
    "tipo": "Principal",
    "base_datos": "casalai",
    "archivo_salida": "C:\\xampp\\htdocs\\Repositorio de GITHUB\\proyecto-casalai-main\\proyecto-casalai-ca\\Modelo\\Usuario\\ProyectoCasalaiCa\\Clases\/..\/..\/..\/..\/Modelo\/db\/respaldo\/backup_principal_20251115_175221.sql",
    "comando": "\"C:\\xampp\\mysql\\bin\\mysqldump.exe\" --user=root --password= --host=localhost --databases casalai --skip-add-drop-table --skip-comments --skip-set-charset --result-file=\"C:\\xampp\\htdocs\\Repositorio de GITHUB\\proyecto-casalai-main\\proyecto-casalai-ca\\Modelo\\Usuario\\ProyectoCasalaiCa\\Clases\/..\/..\/..\/..\/Modelo\/db\/respaldo\/backup_principal_20251115_175221.sql\" 2>&1",
    "salida": [],
    "codigo_salida": 0,
    "estado": "\u00e9xito",
    "tamano_archivo": 53610
}

{
    "fecha": "2025-11-15 21:26:57",
    "tipo": "Principal",
    "base_datos": "casalai",
    "archivo_salida": "C:\\xampp\\htdocs\\Repositorio de GITHUB\\proyecto-casalai-main\\proyecto-casalai-ca\\Modelo\\Usuario\\ProyectoCasalaiCa\\Clases\/..\/..\/..\/..\/Modelo\/db\/respaldo\/backup_principal_20251115_212657.sql",
    "comando": "\"C:\\xampp\\mysql\\bin\\mysqldump.exe\" --user=root --password= --host=localhost --databases casalai --skip-add-drop-table --skip-comments --skip-set-charset --result-file=\"C:\\xampp\\htdocs\\Repositorio de GITHUB\\proyecto-casalai-main\\proyecto-casalai-ca\\Modelo\\Usuario\\ProyectoCasalaiCa\\Clases\/..\/..\/..\/..\/Modelo\/db\/respaldo\/backup_principal_20251115_212657.sql\" 2>&1",
    "salida": [],
    "codigo_salida": 0,
    "estado": "\u00e9xito",
    "tamano_archivo": 59035
}

{
    "fecha": "2025-11-15 21:33:59",
    "tipo": "Principal",
    "base_datos": "casalai",
    "archivo_salida": "C:\\xampp\\htdocs\\Repositorio de GITHUB\\proyecto-casalai-main\\proyecto-casalai-ca\\Modelo\\Usuario\\ProyectoCasalaiCa\\Clases\/..\/..\/..\/..\/Modelo\/db\/respaldo\/backup_principal_20251115_213359.sql",
    "comando": "\"C:\\xampp\\mysql\\bin\\mysqldump.exe\" --user=root --password= --host=localhost --databases casalai --skip-add-drop-table --skip-comments --skip-set-charset --result-file=\"C:\\xampp\\htdocs\\Repositorio de GITHUB\\proyecto-casalai-main\\proyecto-casalai-ca\\Modelo\\Usuario\\ProyectoCasalaiCa\\Clases\/..\/..\/..\/..\/Modelo\/db\/respaldo\/backup_principal_20251115_213359.sql\" 2>&1",
    "salida": [],
    "codigo_salida": 0,
    "estado": "\u00e9xito",
    "tamano_archivo": 59567
}

{
    "fecha": "2025-11-15 21:49:31",
    "tipo": "Seguridad",
    "base_datos": "seguridadlai",
    "archivo_salida": "C:\\xampp\\htdocs\\Repositorio de GITHUB\\proyecto-casalai-main\\proyecto-casalai-ca\\Modelo\\Usuario\\ProyectoCasalaiCa\\Clases\/..\/..\/..\/..\/Modelo\/db\/respaldo\/backup_seguridad_20251115_214931.sql",
    "comando": "\"C:\\xampp\\mysql\\bin\\mysqldump.exe\" --user=root --password= --host=localhost --databases seguridadlai --skip-add-drop-table --skip-comments --skip-set-charset --result-file=\"C:\\xampp\\htdocs\\Repositorio de GITHUB\\proyecto-casalai-main\\proyecto-casalai-ca\\Modelo\\Usuario\\ProyectoCasalaiCa\\Clases\/..\/..\/..\/..\/Modelo\/db\/respaldo\/backup_seguridad_20251115_214931.sql\" 2>&1",
    "salida": [],
    "codigo_salida": 0,
    "estado": "\u00e9xito",
    "tamano_archivo": 256079
}

{
    "fecha": "2025-11-15 21:49:39",
    "tipo": "Seguridad",
    "base_datos": "seguridadlai",
    "archivo_salida": "C:\\xampp\\htdocs\\Repositorio de GITHUB\\proyecto-casalai-main\\proyecto-casalai-ca\\Modelo\\Usuario\\ProyectoCasalaiCa\\Clases\/..\/..\/..\/..\/Modelo\/db\/respaldo\/backup_seguridad_20251115_214939.sql",
    "comando": "\"C:\\xampp\\mysql\\bin\\mysqldump.exe\" --user=root --password= --host=localhost --databases seguridadlai --skip-add-drop-table --skip-comments --skip-set-charset --result-file=\"C:\\xampp\\htdocs\\Repositorio de GITHUB\\proyecto-casalai-main\\proyecto-casalai-ca\\Modelo\\Usuario\\ProyectoCasalaiCa\\Clases\/..\/..\/..\/..\/Modelo\/db\/respaldo\/backup_seguridad_20251115_214939.sql\" 2>&1",
    "salida": [],
    "codigo_salida": 0,
    "estado": "\u00e9xito",
    "tamano_archivo": 256079
}

{
    "fecha": "2025-11-15 21:55:44",
    "tipo": "Principal",
    "base_datos": "casalai",
    "archivo_salida": "C:\\xampp\\htdocs\\Repositorio de GITHUB\\proyecto-casalai-main\\proyecto-casalai-ca\\Modelo\\Usuario\\ProyectoCasalaiCa\\Clases\/..\/..\/..\/..\/Modelo\/db\/respaldo\/backup_principal_20251115_215544.sql",
    "comando": "\"C:\\xampp\\mysql\\bin\\mysqldump.exe\" --user=root --password= --host=localhost --databases casalai --skip-add-drop-table --skip-comments --skip-set-charset --result-file=\"C:\\xampp\\htdocs\\Repositorio de GITHUB\\proyecto-casalai-main\\proyecto-casalai-ca\\Modelo\\Usuario\\ProyectoCasalaiCa\\Clases\/..\/..\/..\/..\/Modelo\/db\/respaldo\/backup_principal_20251115_215544.sql\" 2>&1",
    "salida": [],
    "codigo_salida": 0,
    "estado": "\u00e9xito",
    "tamano_archivo": 61239
}

{
    "fecha": "2025-11-15 21:55:52",
    "tipo": "Seguridad",
    "base_datos": "seguridadlai",
    "archivo_salida": "C:\\xampp\\htdocs\\Repositorio de GITHUB\\proyecto-casalai-main\\proyecto-casalai-ca\\Modelo\\Usuario\\ProyectoCasalaiCa\\Clases\/..\/..\/..\/..\/Modelo\/db\/respaldo\/backup_seguridad_20251115_215552.sql",
    "comando": "\"C:\\xampp\\mysql\\bin\\mysqldump.exe\" --user=root --password= --host=localhost --databases seguridadlai --skip-add-drop-table --skip-comments --skip-set-charset --result-file=\"C:\\xampp\\htdocs\\Repositorio de GITHUB\\proyecto-casalai-main\\proyecto-casalai-ca\\Modelo\\Usuario\\ProyectoCasalaiCa\\Clases\/..\/..\/..\/..\/Modelo\/db\/respaldo\/backup_seguridad_20251115_215552.sql\" 2>&1",
    "salida": [],
    "codigo_salida": 0,
    "estado": "\u00e9xito",
    "tamano_archivo": 256079
}

{
    "fecha": "2025-11-15 22:03:34",
    "tipo": "Principal",
    "base_datos": "casalai",
    "archivo_salida": "C:\\xampp\\htdocs\\Repositorio de GITHUB\\proyecto-casalai-main\\proyecto-casalai-ca\\Modelo\\Usuario\\ProyectoCasalaiCa\\Clases\/..\/..\/..\/..\/Modelo\/db\/respaldo\/backup_principal_20251115_220334.sql",
    "comando": "\"C:\\xampp\\mysql\\bin\\mysqldump.exe\" --user=root --password= --host=localhost --databases casalai --skip-add-drop-table --skip-comments --skip-set-charset --result-file=\"C:\\xampp\\htdocs\\Repositorio de GITHUB\\proyecto-casalai-main\\proyecto-casalai-ca\\Modelo\\Usuario\\ProyectoCasalaiCa\\Clases\/..\/..\/..\/..\/Modelo\/db\/respaldo\/backup_principal_20251115_220334.sql\" 2>&1",
    "salida": [],
    "codigo_salida": 0,
    "estado": "\u00e9xito",
    "tamano_archivo": 61771
}

{
    "fecha": "2025-11-15 22:04:02",
    "tipo": "Principal",
    "base_datos": "casalai",
    "archivo_salida": "C:\\xampp\\htdocs\\Repositorio de GITHUB\\proyecto-casalai-main\\proyecto-casalai-ca\\Modelo\\Usuario\\ProyectoCasalaiCa\\Clases\/..\/..\/..\/..\/Modelo\/db\/respaldo\/backup_principal_20251115_220402.sql",
    "comando": "\"C:\\xampp\\mysql\\bin\\mysqldump.exe\" --user=root --password= --host=localhost --databases casalai --skip-add-drop-table --skip-comments --skip-set-charset --result-file=\"C:\\xampp\\htdocs\\Repositorio de GITHUB\\proyecto-casalai-main\\proyecto-casalai-ca\\Modelo\\Usuario\\ProyectoCasalaiCa\\Clases\/..\/..\/..\/..\/Modelo\/db\/respaldo\/backup_principal_20251115_220402.sql\" 2>&1",
    "salida": [],
    "codigo_salida": 0,
    "estado": "\u00e9xito",
    "tamano_archivo": 61847
}

{
    "fecha": "2025-11-15 22:05:41",
    "tipo": "Principal",
    "base_datos": "casalai",
    "archivo_salida": "C:\\xampp\\htdocs\\Repositorio de GITHUB\\proyecto-casalai-main\\proyecto-casalai-ca\\Modelo\\Usuario\\ProyectoCasalaiCa\\Clases\/..\/..\/..\/..\/Modelo\/db\/respaldo\/backup_principal_20251115_220541.sql",
    "comando": "\"C:\\xampp\\mysql\\bin\\mysqldump.exe\" --user=root --password= --host=localhost --databases casalai --skip-add-drop-table --skip-comments --skip-set-charset --result-file=\"C:\\xampp\\htdocs\\Repositorio de GITHUB\\proyecto-casalai-main\\proyecto-casalai-ca\\Modelo\\Usuario\\ProyectoCasalaiCa\\Clases\/..\/..\/..\/..\/Modelo\/db\/respaldo\/backup_principal_20251115_220541.sql\" 2>&1",
    "salida": [],
    "codigo_salida": 0,
    "estado": "\u00e9xito",
    "tamano_archivo": 61999
}

{
    "fecha": "2025-11-15 22:05:52",
    "tipo": "Seguridad",
    "base_datos": "seguridadlai",
    "archivo_salida": "C:\\xampp\\htdocs\\Repositorio de GITHUB\\proyecto-casalai-main\\proyecto-casalai-ca\\Modelo\\Usuario\\ProyectoCasalaiCa\\Clases\/..\/..\/..\/..\/Modelo\/db\/respaldo\/backup_seguridad_20251115_220552.sql",
    "comando": "\"C:\\xampp\\mysql\\bin\\mysqldump.exe\" --user=root --password= --host=localhost --databases seguridadlai --skip-add-drop-table --skip-comments --skip-set-charset --result-file=\"C:\\xampp\\htdocs\\Repositorio de GITHUB\\proyecto-casalai-main\\proyecto-casalai-ca\\Modelo\\Usuario\\ProyectoCasalaiCa\\Clases\/..\/..\/..\/..\/Modelo\/db\/respaldo\/backup_seguridad_20251115_220552.sql\" 2>&1",
    "salida": [],
    "codigo_salida": 0,
    "estado": "\u00e9xito",
    "tamano_archivo": 256079
}

{
    "fecha": "2025-11-15 22:06:44",
    "tipo": "Principal",
    "base_datos": "casalai",
    "archivo_salida": "C:\\xampp\\htdocs\\Repositorio de GITHUB\\proyecto-casalai-main\\proyecto-casalai-ca\\Modelo\\Usuario\\ProyectoCasalaiCa\\Clases\/..\/..\/..\/..\/Modelo\/db\/respaldo\/backup_principal_20251115_220644.sql",
    "comando": "\"C:\\xampp\\mysql\\bin\\mysqldump.exe\" --user=root --password= --host=localhost --databases casalai --skip-add-drop-table --skip-comments --skip-set-charset --result-file=\"C:\\xampp\\htdocs\\Repositorio de GITHUB\\proyecto-casalai-main\\proyecto-casalai-ca\\Modelo\\Usuario\\ProyectoCasalaiCa\\Clases\/..\/..\/..\/..\/Modelo\/db\/respaldo\/backup_principal_20251115_220644.sql\" 2>&1",
    "salida": [],
    "codigo_salida": 0,
    "estado": "\u00e9xito",
    "tamano_archivo": 62075
}

{
    "fecha": "2025-11-15 22:10:01",
    "tipo": "Principal",
    "base_datos": "casalai",
    "archivo_salida": "C:\\xampp\\htdocs\\Repositorio de GITHUB\\proyecto-casalai-main\\proyecto-casalai-ca\\Modelo\\Usuario\\ProyectoCasalaiCa\\Clases\/..\/..\/..\/..\/Modelo\/db\/respaldo\/backup_principal_20251115_221001.sql",
    "comando": "\"C:\\xampp\\mysql\\bin\\mysqldump.exe\" --user=root --password= --host=localhost --databases casalai --skip-add-drop-table --skip-comments --skip-set-charset --result-file=\"C:\\xampp\\htdocs\\Repositorio de GITHUB\\proyecto-casalai-main\\proyecto-casalai-ca\\Modelo\\Usuario\\ProyectoCasalaiCa\\Clases\/..\/..\/..\/..\/Modelo\/db\/respaldo\/backup_principal_20251115_221001.sql\" 2>&1",
    "salida": [],
    "codigo_salida": 0,
    "estado": "\u00e9xito",
    "tamano_archivo": 62303
}

{
    "fecha": "2025-11-15 22:17:41",
    "tipo": "Principal",
    "base_datos": "casalai",
    "archivo_salida": "C:\\xampp\\htdocs\\Repositorio de GITHUB\\proyecto-casalai-main\\proyecto-casalai-ca\\Modelo\\Usuario\\ProyectoCasalaiCa\\Clases\/..\/..\/..\/..\/Modelo\/db\/respaldo\/backup_principal_20251115_221741.sql",
    "comando": "\"C:\\xampp\\mysql\\bin\\mysqldump.exe\" --user=root --password= --host=localhost --databases casalai --skip-add-drop-table --skip-comments --skip-set-charset --result-file=\"C:\\xampp\\htdocs\\Repositorio de GITHUB\\proyecto-casalai-main\\proyecto-casalai-ca\\Modelo\\Usuario\\ProyectoCasalaiCa\\Clases\/..\/..\/..\/..\/Modelo\/db\/respaldo\/backup_principal_20251115_221741.sql\" 2>&1",
    "salida": [],
    "codigo_salida": 0,
    "estado": "\u00e9xito",
    "tamano_archivo": 62911
}

{
    "fecha": "2025-11-15 22:41:36",
    "tipo": "Principal",
    "base_datos": "casalai",
    "archivo_salida": "C:\\xampp\\htdocs\\Repositorio de GITHUB\\proyecto-casalai-main\\proyecto-casalai-ca\\Modelo\\Usuario\\ProyectoCasalaiCa\\Clases\/..\/..\/..\/..\/Modelo\/db\/respaldo\/backup_principal_20251115_224136.sql",
    "comando": "\"C:\\xampp\\mysql\\bin\\mysqldump.exe\" --user=root --password= --host=localhost --databases casalai --skip-add-drop-table --skip-comments --skip-set-charset --result-file=\"C:\\xampp\\htdocs\\Repositorio de GITHUB\\proyecto-casalai-main\\proyecto-casalai-ca\\Modelo\\Usuario\\ProyectoCasalaiCa\\Clases\/..\/..\/..\/..\/Modelo\/db\/respaldo\/backup_principal_20251115_224136.sql\" 2>&1",
    "salida": [],
    "codigo_salida": 0,
    "estado": "\u00e9xito",
    "tamano_archivo": 306943
}

{
    "fecha": "2025-11-15 22:52:09",
    "tipo": "Principal",
    "base_datos": "casalai",
    "archivo_salida": "C:\\xampp\\htdocs\\Repositorio de GITHUB\\proyecto-casalai-main\\proyecto-casalai-ca\\Modelo\\Usuario\\ProyectoCasalaiCa\\Clases\/..\/..\/..\/..\/Modelo\/db\/respaldo\/backup_principal_20251115_225209.sql",
    "comando": "\"C:\\xampp\\mysql\\bin\\mysqldump.exe\" --user=root --password= --host=localhost --databases casalai --skip-add-drop-table --skip-comments --skip-set-charset --result-file=\"C:\\xampp\\htdocs\\Repositorio de GITHUB\\proyecto-casalai-main\\proyecto-casalai-ca\\Modelo\\Usuario\\ProyectoCasalaiCa\\Clases\/..\/..\/..\/..\/Modelo\/db\/respaldo\/backup_principal_20251115_225209.sql\" 2>&1",
    "salida": [],
    "codigo_salida": 0,
    "estado": "\u00e9xito",
    "tamano_archivo": 53610
}

{
    "fecha": "2025-11-16 08:23:56",
    "tipo": "Principal",
    "base_datos": "casalai",
    "archivo_salida": "C:\\xampp\\htdocs\\Repositorio de GITHUB\\proyecto-casalai-main\\proyecto-casalai-ca\\Modelo\\Usuario\\ProyectoCasalaiCa\\Clases\/..\/..\/..\/..\/Modelo\/db\/respaldo\/backup_principal_20251116_082356.sql",
    "comando": "type \"C:\\Users\\Usuario\\AppData\\Local\\Temp\\sql3DAE.tmp\" && \"C:\\xampp\\mysql\\bin\\mysqldump.exe\" --user=\"root\" --password=\"\" --host=\"localhost\" --no-tablespaces --skip-comments --skip-set-charset --skip-triggers --routines --no-create-info --no-data --skip-add-drop-table --skip-lock-tables --single-transaction --result-file=\"C:\\xampp\\htdocs\\Repositorio de GITHUB\\proyecto-casalai-main\\proyecto-casalai-ca\\Modelo\\Usuario\\ProyectoCasalaiCa\\Clases\/..\/..\/..\/..\/Modelo\/db\/respaldo\/backup_principal_20251116_082356.sql\" 2>&1 \"casalai\" >> \"C:\\xampp\\htdocs\\Repositorio de GITHUB\\proyecto-casalai-main\\proyecto-casalai-ca\\Modelo\\Usuario\\ProyectoCasalaiCa\\Clases\/..\/..\/..\/..\/Modelo\/db\/respaldo\/backup_principal_20251116_082356.sql\" 2>&1",
    "salida": [
        "-- MariaDB dump 10.19  Distrib 10.4.32-MariaDB, for Win64 (AMD64)",
        "--",
        "-- Host: localhost    Database: casalai",
        "-- ------------------------------------------------------",
        "-- Server version\t10.4.32-MariaDB",
        "",
        "\/*!40101 SET @OLD_CHARACTER_SET_CLIENT=@@CHARACTER_SET_CLIENT *\/;",
        "\/*!40101 SET @OLD_CHARACTER_SET_RESULTS=@@CHARACTER_SET_RESULTS *\/;",
        "\/*!40101 SET @OLD_COLLATION_CONNECTION=@@COLLATION_CONNECTION *\/;",
        "\/*!40101 SET NAMES utf8mb4 *\/;",
        "\/*!40103 SET @OLD_TIME_ZONE=@@TIME_ZONE *\/;",
        "\/*!40103 SET TIME_ZONE='+00:00' *\/;",
        "\/*!40014 SET @OLD_UNIQUE_CHECKS=@@UNIQUE_CHECKS, UNIQUE_CHECKS=0 *\/;",
        "\/*!40014 SET @OLD_FOREIGN_KEY_CHECKS=@@FOREIGN_KEY_CHECKS, FOREIGN_KEY_CHECKS=0 *\/;",
        "\/*!40101 SET @OLD_SQL_MODE=@@SQL_MODE, SQL_MODE='NO_AUTO_VALUE_ON_ZERO' *\/;",
        "\/*!40111 SET @OLD_SQL_NOTES=@@SQL_NOTES, SQL_NOTES=0 *\/;",
        "",
        "--",
        "-- Current Database: `casalai`",
        "--",
        "",
        "USE `casalai`;",
        ""
    ],
    "codigo_salida": 1,
    "estado": "\u00e9xito",
    "tamano_archivo": 287
}

{
    "fecha": "2025-11-16 08:36:09",
    "tipo": "Principal",
    "base_datos": "casalai",
    "archivo_salida": "C:\\xampp\\htdocs\\Repositorio de GITHUB\\proyecto-casalai-main\\proyecto-casalai-ca\\Modelo\\Usuario\\ProyectoCasalaiCa\\Clases\/..\/..\/..\/..\/Modelo\/db\/respaldo\/backup_principal_20251116_083609.sql",
    "comando": "type \"C:\\Users\\Usuario\\AppData\\Local\\Temp\\sql6A28.tmp\" && \"C:\\xampp\\mysql\\bin\\mysqldump.exe\" --user=\"root\" --password=\"\" --host=\"localhost\" --default-character-set=utf8mb4 --single-transaction --quick --routines --triggers --events --set-gtid-purged=OFF --hex-blob \"casalai\" >> \"C:\\xampp\\htdocs\\Repositorio de GITHUB\\proyecto-casalai-main\\proyecto-casalai-ca\\Modelo\\Usuario\\ProyectoCasalaiCa\\Clases\/..\/..\/..\/..\/Modelo\/db\/respaldo\/backup_principal_20251116_083609.sql\" 2>&1",
    "salida": [
        "-- MariaDB dump 10.19  Distrib 10.4.32-MariaDB, for Win64 (AMD64)",
        "--",
        "-- Host: localhost    Database: casalai",
        "-- ------------------------------------------------------",
        "-- Server version\t10.4.32-MariaDB",
        "",
        "\/*!40101 SET @OLD_CHARACTER_SET_CLIENT=@@CHARACTER_SET_CLIENT *\/;",
        "\/*!40101 SET @OLD_CHARACTER_SET_RESULTS=@@CHARACTER_SET_RESULTS *\/;",
        "\/*!40101 SET @OLD_COLLATION_CONNECTION=@@COLLATION_CONNECTION *\/;",
        "\/*!40101 SET NAMES utf8mb4 *\/;",
        "\/*!40103 SET @OLD_TIME_ZONE=@@TIME_ZONE *\/;",
        "\/*!40103 SET TIME_ZONE='+00:00' *\/;",
        "\/*!40014 SET @OLD_UNIQUE_CHECKS=@@UNIQUE_CHECKS, UNIQUE_CHECKS=0 *\/;",
        "\/*!40014 SET @OLD_FOREIGN_KEY_CHECKS=@@FOREIGN_KEY_CHECKS, FOREIGN_KEY_CHECKS=0 *\/;",
        "\/*!40101 SET @OLD_SQL_MODE=@@SQL_MODE, SQL_MODE='NO_AUTO_VALUE_ON_ZERO' *\/;",
        "\/*!40111 SET @OLD_SQL_NOTES=@@SQL_NOTES, SQL_NOTES=0 *\/;",
        "",
        "--",
        "-- Current Database: `casalai`",
        "--",
        "",
        "USE `casalai`;",
        ""
    ],
    "codigo_salida": 7,
    "error": "El archivo de respaldo est\u00e1 vac\u00edo o hubo errores",
    "tamano_archivo": 74
}

[2025-11-16T08:36:09-04:00] Error generar respaldo: El archivo de respaldo está vacío o hubo errores (Código: 7) - debug:"{\n    \"fecha\": \"2025-11-16 08:36:09\",\n    \"tipo\": \"Principal\",\n    \"base_datos\": \"casalai\",\n    \"archivo_salida\": \"C:\\\\xampp\\\\htdocs\\\\Repositorio de GITHUB\\\\proyecto-casalai-main\\\\proyecto-casalai-ca\\\\Modelo\\\\Usuario\\\\ProyectoCasalaiCa\\\\Clases\\\/..\\\/..\\\/..\\\/..\\\/Modelo\\\/db\\\/respaldo\\\/backup_principal_20251116_083609.sql\",\n    \"comando\": \"type \\\"C:\\\\Users\\\\Usuario\\\\AppData\\\\Local\\\\Temp\\\\sql6A28.tmp\\\" && \\\"C:\\\\xampp\\\\mysql\\\\bin\\\\mysqldump.exe\\\" --user=\\\"root\\\" --password=\\\"\\\" --host=\\\"localhost\\\" --default-character-set=utf8mb4 --single-transaction --quick --routines --triggers --events --set-gtid-purged=OFF --hex-blob \\\"casalai\\\" >> \\\"C:\\\\xampp\\\\htdocs\\\\Repositorio de GITHUB\\\\proyecto-casalai-main\\\\proyecto-casalai-ca\\\\Modelo\\\\Usuario\\\\ProyectoCasalaiCa\\\\Clases\\\/..\\\/..\\\/..\\\/..\\\/Modelo\\\/db\\\/respaldo\\\/backup_principal_20251116_083609.sql\\\" 2>&1\",\n    \"salida\": [\n        \"-- MariaDB dump 10.19  Distrib 10.4.32-MariaDB, for Win64 (AMD64)\",\n        \"--\",\n        \"-- Host: localhost    Database: casalai\",\n        \"-- ------------------------------------------------------\",\n        \"-- Server version\\t10.4.32-MariaDB\",\n        \"\",\n        \"\\\/*!40101 SET @OLD_CHARACTER_SET_CLIENT=@@CHARACTER_SET_CLIENT *\\\/;\",\n        \"\\\/*!40101 SET @OLD_CHARACTER_SET_RESULTS=@@CHARACTER_SET_RESULTS *\\\/;\",\n        \"\\\/*!40101 SET @OLD_COLLATION_CONNECTION=@@COLLATION_CONNECTION *\\\/;\",\n        \"\\\/*!40101 SET NAMES utf8mb4 *\\\/;\",\n        \"\\\/*!40103 SET @OLD_TIME_ZONE=@@TIME_ZONE *\\\/;\",\n        \"\\\/*!40103 SET TIME_ZONE='+00:00' *\\\/;\",\n        \"\\\/*!40014 SET @OLD_UNIQUE_CHECKS=@@UNIQUE_CHECKS, UNIQUE_CHECKS=0 *\\\/;\",\n        \"\\\/*!40014 SET @OLD_FOREIGN_KEY_CHECKS=@@FOREIGN_KEY_CHECKS, FOREIGN_KEY_CHECKS=0 *\\\/;\",\n        \"\\\/*!40101 SET @OLD_SQL_MODE=@@SQL_MODE, SQL_MODE='NO_AUTO_VALUE_ON_ZERO' *\\\/;\",\n        \"\\\/*!40111 SET @OLD_SQL_NOTES=@@SQL_NOTES, SQL_NOTES=0 *\\\/;\",\n        \"\",\n        \"--\",\n        \"-- Current Database: `casalai`\",\n        \"--\",\n        \"\",\n        \"USE `casalai`;\",\n        \"\"\n    ],\n    \"codigo_salida\": 7\n}"
