[2025-11-10T19:22:07-05:00] CONTROLADOR: --- INICIO GENERAR ---
[2025-11-10T19:22:07-05:00] CONTROLADOR: Excepción en GENERAR: Class "Usuario\ProyectoCasalaiCa\Clases\Backup" not found
[2025-11-10T19:22:09-05:00] CONTROLADOR: --- INICIO GENERAR ---
[2025-11-10T19:22:09-05:00] CONTROLADOR: Excepción en GENERAR: Class "Usuario\ProyectoCasalaiCa\Clases\Backup" not found
[2025-11-10T19:23:20-05:00] CONTROLADOR: --- INICIO GENERAR ---
[2025-11-10T19:23:20-05:00] CONTROLADOR: Excepción en GENERAR: Class "Usuario\ProyectoCasalaiCa\Clases\Backup" not found
[2025-11-10T19:23:21-05:00] CONTROLADOR: --- INICIO GENERAR ---
[2025-11-10T19:23:21-05:00] CONTROLADOR: Excepción en GENERAR: Class "Usuario\ProyectoCasalaiCa\Clases\Backup" not found
[2025-11-10T19:30:14-05:00] CONTROLADOR: --- INICIO GENERAR ---
[2025-11-10T19:30:14-05:00] CONTROLADOR: Excepción en GENERAR: Class "Usuario\ProyectoCasalaiCa\Clases\Backup" not found
[2025-11-10T19:31:43-05:00] CONTROLADOR: --- INICIO GENERAR ---
[2025-11-10T19:31:43-05:00] CONTROLADOR: Excepción en GENERAR: Class "Usuario\ProyectoCasalaiCa\Clases\Backup" not found
[2025-11-10T19:35:48-05:00] CONTROLADOR: --- INICIO GENERAR ---
[2025-11-10T19:35:48-05:00] CONTROLADOR: Excepción en GENERAR: Class "Usuario\ProyectoCasalaiCa\Clases\Backup" not found
[2025-11-10T19:36:25-05:00] CONTROLADOR: --- INICIO GENERAR ---
[2025-11-10T19:36:25-05:00] CONTROLADOR: Excepción en GENERAR: Class "Usuario\ProyectoCasalaiCa\Clases\Backup" not found
[2025-11-10T19:39:23-05:00] CONTROLADOR: --- INICIO GENERAR ---
[2025-11-10T19:39:23-05:00] CONTROLADOR: Excepción en GENERAR: Class "Usuario\ProyectoCasalaiCa\Clases\Backup" not found
[2025-11-10T19:39:24-05:00] CONTROLADOR: --- INICIO GENERAR ---
[2025-11-10T19:39:24-05:00] CONTROLADOR: Excepción en GENERAR: Class "Usuario\ProyectoCasalaiCa\Clases\Backup" not found
[2025-11-10T19:39:24-05:00] CONTROLADOR: --- INICIO GENERAR ---
[2025-11-10T19:39:24-05:00] CONTROLADOR: Excepción en GENERAR: Class "Usuario\ProyectoCasalaiCa\Clases\Backup" not found
[2025-11-10T19:39:24-05:00] CONTROLADOR: --- INICIO GENERAR ---
[2025-11-10T19:39:24-05:00] CONTROLADOR: Excepción en GENERAR: Class "Usuario\ProyectoCasalaiCa\Clases\Backup" not found
[2025-11-10T19:39:25-05:00] CONTROLADOR: --- INICIO GENERAR ---
[2025-11-10T19:39:25-05:00] CONTROLADOR: Excepción en GENERAR: Class "Usuario\ProyectoCasalaiCa\Clases\Backup" not found
[2025-11-10T19:39:25-05:00] CONTROLADOR: --- INICIO GENERAR ---
[2025-11-10T19:39:25-05:00] CONTROLADOR: Excepción en GENERAR: Class "Usuario\ProyectoCasalaiCa\Clases\Backup" not found
[2025-11-10T19:39:25-05:00] CONTROLADOR: --- INICIO GENERAR ---
[2025-11-10T19:39:25-05:00] CONTROLADOR: Excepción en GENERAR: Class "Usuario\ProyectoCasalaiCa\Clases\Backup" not found
[2025-11-10T19:39:25-05:00] CONTROLADOR: --- INICIO GENERAR ---
[2025-11-10T19:39:25-05:00] CONTROLADOR: Excepción en GENERAR: Class "Usuario\ProyectoCasalaiCa\Clases\Backup" not found
[2025-11-10T19:39:25-05:00] CONTROLADOR: --- INICIO GENERAR ---
[2025-11-10T19:39:25-05:00] CONTROLADOR: Excepción en GENERAR: Class "Usuario\ProyectoCasalaiCa\Clases\Backup" not found
[2025-11-10T19:39:26-05:00] CONTROLADOR: --- INICIO GENERAR ---
[2025-11-10T19:39:26-05:00] CONTROLADOR: Excepción en GENERAR: Class "Usuario\ProyectoCasalaiCa\Clases\Backup" not found
[2025-11-10T19:40:16-05:00] CONTROLADOR: --- INICIO GENERAR ---
[2025-11-10T19:40:16-05:00] CONTROLADOR: Excepción en GENERAR: Class "Usuario\ProyectoCasalaiCa\Clases\Backup" not found
[2025-11-10T19:40:16-05:00] CONTROLADOR: --- INICIO GENERAR ---
[2025-11-10T19:40:16-05:00] CONTROLADOR: Excepción en GENERAR: Class "Usuario\ProyectoCasalaiCa\Clases\Backup" not found
[2025-11-10T19:40:17-05:00] CONTROLADOR: --- INICIO GENERAR ---
[2025-11-10T19:40:17-05:00] CONTROLADOR: Excepción en GENERAR: Class "Usuario\ProyectoCasalaiCa\Clases\Backup" not found
[2025-11-10T19:40:17-05:00] CONTROLADOR: --- INICIO GENERAR ---
[2025-11-10T19:40:17-05:00] CONTROLADOR: Excepción en GENERAR: Class "Usuario\ProyectoCasalaiCa\Clases\Backup" not found
[2025-11-10T19:40:18-05:00] CONTROLADOR: --- INICIO GENERAR ---
[2025-11-10T19:40:18-05:00] CONTROLADOR: Excepción en GENERAR: Class "Usuario\ProyectoCasalaiCa\Clases\Backup" not found
[2025-11-10T19:40:18-05:00] CONTROLADOR: --- INICIO GENERAR ---
[2025-11-10T19:40:18-05:00] CONTROLADOR: Excepción en GENERAR: Class "Usuario\ProyectoCasalaiCa\Clases\Backup" not found
[2025-11-10T19:40:18-05:00] CONTROLADOR: --- INICIO GENERAR ---
[2025-11-10T19:40:18-05:00] CONTROLADOR: Excepción en GENERAR: Class "Usuario\ProyectoCasalaiCa\Clases\Backup" not found
[2025-11-10T19:40:19-05:00] CONTROLADOR: --- INICIO GENERAR ---
[2025-11-10T19:40:19-05:00] CONTROLADOR: Excepción en GENERAR: Class "Usuario\ProyectoCasalaiCa\Clases\Backup" not found
[2025-11-10T19:40:19-05:00] CONTROLADOR: --- INICIO GENERAR ---
[2025-11-10T19:40:19-05:00] CONTROLADOR: Excepción en GENERAR: Class "Usuario\ProyectoCasalaiCa\Clases\Backup" not found
[2025-11-10T19:40:20-05:00] CONTROLADOR: --- INICIO GENERAR ---
[2025-11-10T19:40:20-05:00] CONTROLADOR: Excepción en GENERAR: Class "Usuario\ProyectoCasalaiCa\Clases\Backup" not found
[2025-11-10T19:44:33-05:00] CONTROLADOR: --- INICIO GENERAR ---
[2025-11-10T19:44:33-05:00] CONTROLADOR: Excepción en GENERAR: Class "Usuario\ProyectoCasalaiCa\Config\Config\BD" not found
[2025-11-10T19:44:34-05:00] CONTROLADOR: --- INICIO GENERAR ---
[2025-11-10T19:44:34-05:00] CONTROLADOR: Excepción en GENERAR: Class "Usuario\ProyectoCasalaiCa\Config\Config\BD" not found
[2025-11-12T21:22:46-05:00] CONTROLADOR: --- INICIO GENERAR ---
[2025-11-12T21:22:46-05:00] CONTROLADOR: Excepción en GENERAR: Class "Usuario\ProyectoCasalaiCa\Clases\Backup" not found
[2025-11-12T21:22:47-05:00] CONTROLADOR: --- INICIO GENERAR ---
[2025-11-12T21:22:47-05:00] CONTROLADOR: Excepción en GENERAR: Class "Usuario\ProyectoCasalaiCa\Clases\Backup" not found
[2025-11-12T21:22:47-05:00] CONTROLADOR: --- INICIO GENERAR ---
[2025-11-12T21:22:47-05:00] CONTROLADOR: Excepción en GENERAR: Class "Usuario\ProyectoCasalaiCa\Clases\Backup" not found
[2025-11-12T21:22:47-05:00] CONTROLADOR: --- INICIO GENERAR ---
[2025-11-12T21:22:47-05:00] CONTROLADOR: Excepción en GENERAR: Class "Usuario\ProyectoCasalaiCa\Clases\Backup" not found
[2025-11-12T21:22:48-05:00] CONTROLADOR: --- INICIO GENERAR ---
[2025-11-12T21:22:48-05:00] CONTROLADOR: Excepción en GENERAR: Class "Usuario\ProyectoCasalaiCa\Clases\Backup" not found
[2025-11-12T21:22:49-05:00] CONTROLADOR: --- INICIO GENERAR ---
[2025-11-12T21:22:49-05:00] CONTROLADOR: Excepción en GENERAR: Class "Usuario\ProyectoCasalaiCa\Clases\Backup" not found
[2025-11-12T21:22:49-05:00] CONTROLADOR: --- INICIO GENERAR ---
[2025-11-12T21:22:49-05:00] CONTROLADOR: Excepción en GENERAR: Class "Usuario\ProyectoCasalaiCa\Clases\Backup" not found
[2025-11-12T21:22:49-05:00] CONTROLADOR: --- INICIO GENERAR ---
[2025-11-12T21:22:49-05:00] CONTROLADOR: Excepción en GENERAR: Class "Usuario\ProyectoCasalaiCa\Clases\Backup" not found
[2025-11-12T21:22:50-05:00] CONTROLADOR: --- INICIO GENERAR ---
[2025-11-12T21:22:50-05:00] CONTROLADOR: Excepción en GENERAR: Class "Usuario\ProyectoCasalaiCa\Clases\Backup" not found
[2025-11-12T21:22:52-05:00] CONTROLADOR: --- INICIO GENERAR ---
[2025-11-12T21:22:52-05:00] CONTROLADOR: Excepción en GENERAR: Class "Usuario\ProyectoCasalaiCa\Clases\Backup" not found
[2025-11-12T21:22:52-05:00] CONTROLADOR: --- INICIO GENERAR ---
[2025-11-12T21:22:52-05:00] CONTROLADOR: Excepción en GENERAR: Class "Usuario\ProyectoCasalaiCa\Clases\Backup" not found
[2025-11-12T21:22:53-05:00] CONTROLADOR: --- INICIO GENERAR ---
[2025-11-12T21:22:53-05:00] CONTROLADOR: Excepción en GENERAR: Class "Usuario\ProyectoCasalaiCa\Clases\Backup" not found
[2025-11-12T21:22:53-05:00] CONTROLADOR: --- INICIO GENERAR ---
[2025-11-12T21:22:53-05:00] CONTROLADOR: Excepción en GENERAR: Class "Usuario\ProyectoCasalaiCa\Clases\Backup" not found
[2025-11-12T21:32:18-05:00] CONTROLADOR: FATAL: Uncaught Error: Class "Usuario\ProyectoCasalaiCa\Clases\Backup" not found in C:\xampp\htdocs\Repositorio de GITHUB\proyecto-casalai-main\proyecto-casalai-ca\Modelo\Controlador\backup.php:51
Stack trace:
#0 {main}
  thrown en C:\xampp\htdocs\Repositorio de GITHUB\proyecto-casalai-main\proyecto-casalai-ca\Modelo\Controlador\backup.php:51
[2025-11-12T21:32:18-05:00] CONTROLADOR: FATAL: Uncaught Error: Class "Usuario\ProyectoCasalaiCa\Clases\Backup" not found in C:\xampp\htdocs\Repositorio de GITHUB\proyecto-casalai-main\proyecto-casalai-ca\Modelo\Controlador\backup.php:51
Stack trace:
#0 {main}
  thrown en C:\xampp\htdocs\Repositorio de GITHUB\proyecto-casalai-main\proyecto-casalai-ca\Modelo\Controlador\backup.php:51
[2025-11-12T21:33:55-05:00] CONTROLADOR: FATAL: Uncaught Error: Class "Usuario\ProyectoCasalaiCa\Clases\Backup" not found in C:\xampp\htdocs\Repositorio de GITHUB\proyecto-casalai-main\proyecto-casalai-ca\Modelo\Controlador\backup.php:51
Stack trace:
#0 {main}
  thrown en C:\xampp\htdocs\Repositorio de GITHUB\proyecto-casalai-main\proyecto-casalai-ca\Modelo\Controlador\backup.php:51
[2025-11-12T21:33:55-05:00] CONTROLADOR: FATAL: Uncaught Error: Class "Usuario\ProyectoCasalaiCa\Clases\Backup" not found in C:\xampp\htdocs\Repositorio de GITHUB\proyecto-casalai-main\proyecto-casalai-ca\Modelo\Controlador\backup.php:51
Stack trace:
#0 {main}
  thrown en C:\xampp\htdocs\Repositorio de GITHUB\proyecto-casalai-main\proyecto-casalai-ca\Modelo\Controlador\backup.php:51
[2025-11-12T21:36:03-05:00] CONTROLADOR: FATAL: Uncaught Error: Class "Usuario\ProyectoCasalaiCa\Clases\Backup" not found in C:\xampp\htdocs\Repositorio de GITHUB\proyecto-casalai-main\proyecto-casalai-ca\Modelo\Controlador\backup.php:51
Stack trace:
#0 {main}
  thrown en C:\xampp\htdocs\Repositorio de GITHUB\proyecto-casalai-main\proyecto-casalai-ca\Modelo\Controlador\backup.php:51
[2025-11-12T21:36:03-05:00] CONTROLADOR: FATAL: Uncaught Error: Class "Usuario\ProyectoCasalaiCa\Clases\Backup" not found in C:\xampp\htdocs\Repositorio de GITHUB\proyecto-casalai-main\proyecto-casalai-ca\Modelo\Controlador\backup.php:51
Stack trace:
#0 {main}
  thrown en C:\xampp\htdocs\Repositorio de GITHUB\proyecto-casalai-main\proyecto-casalai-ca\Modelo\Controlador\backup.php:51
[2025-11-12T21:37:05-05:00] CONTROLADOR: FATAL: Uncaught Error: Class "Usuario\ProyectoCasalaiCa\Clases\Backup" not found in C:\xampp\htdocs\Repositorio de GITHUB\proyecto-casalai-main\proyecto-casalai-ca\Modelo\Controlador\backup.php:51
Stack trace:
#0 {main}
  thrown en C:\xampp\htdocs\Repositorio de GITHUB\proyecto-casalai-main\proyecto-casalai-ca\Modelo\Controlador\backup.php:51
[2025-11-12T21:37:05-05:00] CONTROLADOR: FATAL: Uncaught Error: Class "Usuario\ProyectoCasalaiCa\Clases\Backup" not found in C:\xampp\htdocs\Repositorio de GITHUB\proyecto-casalai-main\proyecto-casalai-ca\Modelo\Controlador\backup.php:51
Stack trace:
#0 {main}
  thrown en C:\xampp\htdocs\Repositorio de GITHUB\proyecto-casalai-main\proyecto-casalai-ca\Modelo\Controlador\backup.php:51
[2025-11-12T21:37:22-05:00] CONTROLADOR: FATAL: Uncaught Error: Class "Usuario\ProyectoCasalaiCa\Clases\Backup" not found in C:\xampp\htdocs\Repositorio de GITHUB\proyecto-casalai-main\proyecto-casalai-ca\Modelo\Controlador\backup.php:51
Stack trace:
#0 {main}
  thrown en C:\xampp\htdocs\Repositorio de GITHUB\proyecto-casalai-main\proyecto-casalai-ca\Modelo\Controlador\backup.php:51
[2025-11-12T21:37:22-05:00] CONTROLADOR: FATAL: Uncaught Error: Class "Usuario\ProyectoCasalaiCa\Clases\Backup" not found in C:\xampp\htdocs\Repositorio de GITHUB\proyecto-casalai-main\proyecto-casalai-ca\Modelo\Controlador\backup.php:51
Stack trace:
#0 {main}
  thrown en C:\xampp\htdocs\Repositorio de GITHUB\proyecto-casalai-main\proyecto-casalai-ca\Modelo\Controlador\backup.php:51
